// Jest Snapshot v1, https://jestjs.io/docs/snapshot-testing

exports[`Snapshot 1`] = `
{
  "Parameters": {
    "BootstrapVersion": {
      "Default": "/cdk-bootstrap/hnb659fds/version",
      "Description": "Version of the CDK Bootstrap resources in this environment, automatically retrieved from SSM Parameter Store. [cdk:skip]",
      "Type": "AWS::SSM::Parameter::Value<String>",
    },
  },
  "Resources": {
    "Allocation0C3A263D": {
      "Properties": {
        "IpamPoolId": {
          "Fn::GetAtt": [
            "PoolUsEast1ScopeB37A807D",
            "IpamPoolId",
          ],
        },
      },
      "Type": "AWS::EC2::IPAMAllocation",
    },
    "AllocationUsEast2AllocationE15E3406": {
      "Properties": {
        "IpamPoolId": {
          "Fn::GetAtt": [
            "PoolUsEast2ScopeD17EB1AD",
            "IpamPoolId",
          ],
        },
        "NetmaskLength": 16,
      },
      "Type": "AWS::EC2::IPAMAllocation",
    },
    "IPAM3486FD3C": {
      "Properties": {
        "OperatingRegions": [
          {
            "RegionName": {
              "Ref": "AWS::Region",
            },
          },
        ],
      },
      "Type": "AWS::EC2::IPAM",
    },
    "PoolScopeE0646CBB": {
      "Properties": {
        "AddressFamily": "ipv4",
        "IpamScopeId": {
          "Fn::GetAtt": [
            "Scope68AA8284",
            "IpamScopeId",
          ],
        },
        "ProvisionedCidrs": [
          {
            "Cidr": "10.0.0.0/8",
          },
          {
            "Cidr": "172.16.0.0/12",
          },
          {
            "Cidr": "192.168.0.0/16",
          },
        ],
      },
      "Type": "AWS::EC2::IPAMPool",
    },
    "PoolUsEast1ScopeB37A807D": {
      "Properties": {
        "AddressFamily": "ipv4",
        "AllocationDefaultNetmaskLength": 16,
        "AllocationMaxNetmaskLength": 24,
        "AllocationMinNetmaskLength": 16,
        "IpamScopeId": {
          "Fn::GetAtt": [
            "IPAM3486FD3C",
            "PrivateDefaultScopeId",
          ],
        },
        "Locale": "us-east-1",
        "ProvisionedCidrs": [
          {
            "Cidr": "10.0.0.0/12",
          },
        ],
        "SourceIpamPoolId": {
          "Fn::GetAtt": [
            "PoolScopeE0646CBB",
            "IpamPoolId",
          ],
        },
      },
      "Type": "AWS::EC2::IPAMPool",
    },
    "PoolUsEast2ScopeD17EB1AD": {
      "Properties": {
        "AddressFamily": "ipv4",
        "AllocationResourceTags": [
          {
            "Key": "type",
            "Value": "test",
          },
        ],
        "IpamScopeId": {
          "Fn::GetAtt": [
            "IPAM3486FD3C",
            "PrivateDefaultScopeId",
          ],
        },
        "Locale": "us-east-2",
        "ProvisionedCidrs": [
          {
            "Cidr": "10.16.0.0/12",
          },
        ],
        "SourceIpamPoolId": {
          "Fn::GetAtt": [
            "PoolScopeE0646CBB",
            "IpamPoolId",
          ],
        },
      },
      "Type": "AWS::EC2::IPAMPool",
    },
    "Scope68AA8284": {
      "Properties": {
        "IpamId": {
          "Ref": "IPAM3486FD3C",
        },
      },
      "Type": "AWS::EC2::IPAMScope",
    },
  },
  "Rules": {
    "CheckBootstrapVersion": {
      "Assertions": [
        {
          "Assert": {
            "Fn::Not": [
              {
                "Fn::Contains": [
                  [
                    "1",
                    "2",
                    "3",
                    "4",
                    "5",
                  ],
                  {
                    "Ref": "BootstrapVersion",
                  },
                ],
              },
            ],
          },
          "AssertDescription": "CDK bootstrap stack version 6 required. Please run 'cdk bootstrap' with a recent version of the CDK CLI.",
        },
      ],
    },
  },
}
`;
